
----in create_symbol, depth = 0, current = 0x1b82010----
1: /*
2:  * 2019 Spring Compiler Course Assignment 2 
3:  */
4:

----in insert_symbol, 2, c, variable, 0----

++++0, c, variable, float, 0++++
5: float c = 1.5;
6:

----in create_symbol, depth = 1, current = 0x1b881b0----

----in insert_symbol, 1, n, parameter, 1----

++++0, n, parameter, int, 1++++

----in insert_symbol, 1, m, parameter, 1----

++++1, m, parameter, int, 1++++
7: bool loop(int n, int m) {

----in create_symbol, depth = 2, current = 0x1b88340----
in switch_relation_op
8:     while (n > m) {
in switch_postfix_op
in minus_arith
9:         n--;
10:     }
11:     return true;

----in insert_symbol, 5, loop, function, 0----

++++1, loop, function, bool, 0++++
12: }

Index     Name      Kind        Type      Scope     Attribute 

0         n         parameter   int       1         
1         m         parameter   int       1         

13:

----in create_symbol, depth = 1, current = 0x1b88480----
14: int main() {
15:     // Declaration

----in insert_symbol, 1, x, variable, 1----

++++0, x, variable, int, 1++++
16:     int x;

----in insert_symbol, 1, i, variable, 1----

++++1, i, variable, int, 1++++
17:     int i;

----in insert_symbol, 1, a, variable, 1----

++++2, a, variable, int, 1++++
18:     int a = 5;
19:
20:     // if condition

----in create_symbol, depth = 2, current = 0x1b886c0----
in switch_relation_op
21:     if (a > 10) {
in switch_assign_op
in add_arith
22:         x += a;
23:         // Undeclared variable
24:         print(b);

|-----------------------------------------------|
| Error found in line 24:         print(b);
| Undeclared variable b
|-----------------------------------------------|


----in create_symbol, depth = 2, current = 0x1b88770----
25:     } else {
in switch_mul_op
in MOD_arith
in switch_mul_op
in mul_arith
in switch_addition_op
in add_arith
in switch_assign_op
26:         x = a % 10 + 10 * 7; /* Arithmetic */
27:     }
28:     print("Hello World");
29:
30:     // Redeclare variable
31:     float a = 1.0;

|-----------------------------------------------|
| Error found in line 31:     float a = 1.0;
| Redeclared variable a
|-----------------------------------------------|

32:
33:     return 0; 

----in insert_symbol, 1, main, function, 0----

++++2, main, function, int, 0++++
34: }

Index     Name      Kind        Type      Scope     Attribute 

0         x         variable    int       1         
1         i         variable    int       1         
2         a         variable    int       1         


Index     Name      Kind        Type      Scope     Attribute 

0         c         variable    float     0         
1         loop      function    bool      0         int, int
2         main      function    int       0         


Total lines: 34 
