
----in create_symbol, depth = 0, current = 0xbbf010----
1: /*
2:  * 2019 Spring Compiler Course Assignment 2 
3:  */
4:

----in insert_symbol, 2, c, variable, 0----

++++0, c, variable, float, 0++++
5: float c = 1.5;
6:

----in create_symbol, depth = 1, current = 0xbc51b0----

----in insert_symbol, 1, a, parameter, 1----

++++0, a, parameter, int, 1++++

----in insert_symbol, 1, foo, function, 0----

++++1, foo, function, int, 0++++
7: int foo(int a);

----in create_symbol, depth = 1, current = 0xbc5340----
8: float foo();

|-----------------------------------------------|
| Error found in line 8: float foo();
| Redeclared function foo
|-----------------------------------------------|

9:

----in create_symbol, depth = 1, current = 0xbc5390----

----in insert_symbol, 1, n, parameter, 1----

++++0, n, parameter, int, 1++++

----in insert_symbol, 1, m, parameter, 1----

++++1, m, parameter, int, 1++++
10: bool loop(int n, int m) {

----in create_symbol, depth = 2, current = 0xbc5520----
in switch_relation_op
11:     while (n > m) {
in switch_postfix_op
in minus_arith
12:         n--;
13:     }
14:     return true;

----in insert_symbol, 5, loop, function, 0----

++++2, loop, function, bool, 0++++
15: }

Index     Name      Kind        Type      Scope     Attribute 

0         n         parameter   int       1         
1         m         parameter   int       1         

16:

----in create_symbol, depth = 1, current = 0xbc5660----
17: int main() {
18:     // Declaration

----in insert_symbol, 1, x, variable, 1----

++++0, x, variable, int, 1++++
19:     int x;

----in insert_symbol, 1, i, variable, 1----

++++1, i, variable, int, 1++++
20:     int i;

----in insert_symbol, 1, a, variable, 1----

++++2, a, variable, int, 1++++
21:     int a = 5;

----in insert_symbol, 3, y, variable, 1----

++++3, y, variable, String, 1++++
22:     string y = "She is a girl";
23:
24:     print(y); // print
25:
26:     // if condition

----in create_symbol, depth = 2, current = 0xbc5990----
in switch_relation_op
27:     if (a > 10) {
in switch_assign_op
in add_arith
28:         x += a;
29:         print(x);

----in create_symbol, depth = 2, current = 0xbc5a40----
30:     } else if(a){
in switch_mul_op
in MOD_arith
in switch_mul_op
in mul_arith
in switch_addition_op
in add_arith
in switch_assign_op
31:         x = a % 10 + 10 * 7; /* Arithmetic */
32:         print(x);
33:     } 
34:     

----in create_symbol, depth = 2, current = 0xbc5af0----
in switch_relation_op
35:     if(a>b){

|-----------------------------------------------|
| Error found in line 35:     if(a>b){
| Undeclared variable b
|-----------------------------------------------|

36:     }

----in create_symbol, depth = 2, current = 0xbc5b60----
37:     else{}
38:     loop(x, i);
39:     print("Hello World");
40:
41:     return 0; 

----in insert_symbol, 1, main, function, 0----

++++3, main, function, int, 0++++
42: }

Index     Name      Kind        Type      Scope     Attribute 

0         x         variable    int       1         
1         i         variable    int       1         
2         a         variable    int       1         
3         y         variable    String    1         


Index     Name      Kind        Type      Scope     Attribute 

0         c         variable    float     0         
1         foo       function    int       0         int
2         loop      function    bool      0         int, int
3         main      function    int       0         


Total lines: 42 
